---
source: crates/skills-cli/tests/e2e_composer.rs
expression: out
---
Target: .agents/skills

acme/skills-basic [direct-dep]:
  code-review  Reviews code changes before commit        not-synced
  greeting     Greets the user politely                  not-synced

acme/skills-pro [direct-dep]:
  migrate      Plans database migrations                 not-synced
  refactor     Suggests refactorings                     not-synced

spiral/skills-demo [builtin]:
  demo         Demo skill from a builtin-trusted vendor  not-synced

Skipped:
  acme/skills-broken      malformed: extra.skills.source must not escape the package root
  acme/skills-undeclared  untrusted
  clash/skills-conflict   untrusted
  evil/payload            untrusted
  nested/skills-tree      untrusted
  oddball/loose-skills    untrusted
